Archive member included because of file (symbol)

D:\Desarrollo\EclipeJuno\Practica1_alumnos\Practica1\libimgarm.a(imglib_arm.o)
                              ./misc.o (gaussian)

Allocating common symbols
Common symbol       size              file

imagenRGB           0x4               ./main.o
imagenGauss         0x40000           ./main.o
imagenSobel         0x40000           ./main.o
imagenGris          0x40000           ./main.o

Memory Configuration

Name             Origin             Length             Attributes
*default*        0x00000000         0xffffffff

Linker script and memory map

LOAD ./init.o
LOAD ./lena512color.o
LOAD ./main.o
LOAD ./misc.o
LOAD ./time.o
LOAD ./trafo.o
LOAD D:\Desarrollo\EclipeJuno\Practica1_alumnos\Practica1\libimgarm.a
START GROUP
LOAD d:/desarrollo/eclipejuno/eclipsearm/sourcery-g++-lite-arm-2011.03/bin/../lib/gcc/arm-none-eabi/4.5.2\libgcc.a
LOAD d:/desarrollo/eclipejuno/eclipsearm/sourcery-g++-lite-arm-2011.03/bin/../lib/gcc/arm-none-eabi/4.5.2/../../../../arm-none-eabi/lib\libc.a
END GROUP
                0x0c000000                . = 0xc000000

.data           0x0c000000    0xc0088
 *(.data)
 .data          0x0c000000        0x0 ./init.o
 .data          0x0c000000    0xc0000 ./lena512color.o
                0x0c000000                imageLena512
 .data          0x0c0c0000        0x0 ./main.o
 .data          0x0c0c0000        0x0 ./misc.o
 .data          0x0c0c0000        0x0 ./time.o
 .data          0x0c0c0000        0x0 ./trafo.o
 .data          0x0c0c0000        0x0 D:\Desarrollo\EclipeJuno\Practica1_alumnos\Practica1\libimgarm.a(imglib_arm.o)
 *(.rodata)
 .rodata        0x0c0c0000       0x88 D:\Desarrollo\EclipeJuno\Practica1_alumnos\Practica1\libimgarm.a(imglib_arm.o)

.bss            0x0c0c0088    0xc0004
 *(.bss)
 .bss           0x0c0c0088        0x0 ./init.o
 .bss           0x0c0c0088        0x0 ./lena512color.o
 .bss           0x0c0c0088        0x0 ./main.o
 .bss           0x0c0c0088        0x0 ./misc.o
 .bss           0x0c0c0088        0x0 ./time.o
 .bss           0x0c0c0088        0x0 ./trafo.o
 .bss           0x0c0c0088        0x0 D:\Desarrollo\EclipeJuno\Practica1_alumnos\Practica1\libimgarm.a(imglib_arm.o)
 *(COMMON)
 COMMON         0x0c0c0088    0xc0004 ./main.o
                0x0c0c0088                imagenRGB
                0x0c0c008c                imagenGauss
                0x0c10008c                imagenSobel
                0x0c14008c                imagenGris

.text           0x0c18008c      0x550
 *(.text)
 .text          0x0c18008c       0x14 ./init.o
                0x0c18008c                start
 .text          0x0c1800a0        0x0 ./lena512color.o
 .text          0x0c1800a0       0xa4 ./main.o
                0x0c1800a0                initRGB
                0x0c1800b8                main
 .text          0x0c180144       0xc4 ./misc.o
                0x0c180144                rgb2gray
                0x0c18018c                apply_gaussian
 .text          0x0c180208       0x64 ./time.o
                0x0c180208                timer_init
                0x0c180220                timer_start
                0x0c180248                timer_stop
 .text          0x0c18026c      0x1f8 ./trafo.o
                0x0c18026c                RGB2GrayMatrix
                0x0c180354                apply_sobel
 .text          0x0c180464      0x178 D:\Desarrollo\EclipeJuno\Practica1_alumnos\Practica1\libimgarm.a(imglib_arm.o)
                0x0c180464                gaussian
                0x0c180518                sobel
                0x0c1805d8                non_max_sup
                0x0c1805dc                PROVIDE (end, .)
                0x0c7ff000                PROVIDE (_stack, 0xc7ff000)
OUTPUT(Practica1.elf elf32-littlearm)

.glue_7         0x0c1805dc        0x0
 .glue_7        0x00000000        0x0 linker stubs

.glue_7t        0x0c1805dc        0x0
 .glue_7t       0x00000000        0x0 linker stubs

.vfp11_veneer   0x0c1805dc        0x0
 .vfp11_veneer  0x00000000        0x0 linker stubs

.v4_bx          0x0c1805dc        0x0
 .v4_bx         0x00000000        0x0 linker stubs

.ARM.attributes
                0x00000000       0x2c
 .ARM.attributes
                0x00000000       0x22 ./init.o
 .ARM.attributes
                0x00000022       0x32 ./lena512color.o
 .ARM.attributes
                0x00000054       0x32 ./main.o
 .ARM.attributes
                0x00000086       0x22 ./misc.o
 .ARM.attributes
                0x000000a8       0x32 ./time.o
 .ARM.attributes
                0x000000da       0x32 ./trafo.o
 .ARM.attributes
                0x0000010c       0x30 D:\Desarrollo\EclipeJuno\Practica1_alumnos\Practica1\libimgarm.a(imglib_arm.o)

.comment        0x00000000       0x3b
 .comment       0x00000000       0x2a ./lena512color.o
                                 0x2b (size before relaxing)
 .comment       0x00000000       0x2b ./main.o
 .comment       0x00000000       0x2b ./time.o
 .comment       0x00000000       0x2b ./trafo.o
 .comment       0x0000002a       0x11 D:\Desarrollo\EclipeJuno\Practica1_alumnos\Practica1\libimgarm.a(imglib_arm.o)
                                 0x12 (size before relaxing)

.debug_line     0x00000000      0x570
 .debug_line    0x00000000       0x3e ./init.o
 .debug_line    0x0000003e       0x47 ./lena512color.o
 .debug_line    0x00000085      0x35e ./main.o
 .debug_line    0x000003e3       0x6a ./misc.o
 .debug_line    0x0000044d       0x51 ./time.o
 .debug_line    0x0000049e       0xd2 ./trafo.o

.debug_info     0x00000000      0x509
 .debug_info    0x00000000       0x70 ./init.o
 .debug_info    0x00000070       0x5d ./lena512color.o
 .debug_info    0x000000cd      0x1ff ./main.o
 .debug_info    0x000002cc       0x70 ./misc.o
 .debug_info    0x0000033c       0x71 ./time.o
 .debug_info    0x000003ad      0x15c ./trafo.o

.debug_abbrev   0x00000000      0x281
 .debug_abbrev  0x00000000       0x14 ./init.o
 .debug_abbrev  0x00000014       0x44 ./lena512color.o
 .debug_abbrev  0x00000058      0x10f ./main.o
 .debug_abbrev  0x00000167       0x14 ./misc.o
 .debug_abbrev  0x0000017b       0x4d ./time.o
 .debug_abbrev  0x000001c8       0xb9 ./trafo.o

.debug_aranges  0x00000000       0xa0
 .debug_aranges
                0x00000000       0x20 ./init.o
 .debug_aranges
                0x00000020       0x20 ./main.o
 .debug_aranges
                0x00000040       0x20 ./misc.o
 .debug_aranges
                0x00000060       0x20 ./time.o
 .debug_aranges
                0x00000080       0x20 ./trafo.o

.debug_macinfo  0x00000000     0xaf5e
 .debug_macinfo
                0x00000000     0x210d ./lena512color.o
 .debug_macinfo
                0x0000210d     0x4b88 ./main.o
 .debug_macinfo
                0x00006c95     0x219c ./time.o
 .debug_macinfo
                0x00008e31     0x212d ./trafo.o

.debug_pubnames
                0x00000000       0xfc
 .debug_pubnames
                0x00000000       0x23 ./lena512color.o
 .debug_pubnames
                0x00000023       0x64 ./main.o
 .debug_pubnames
                0x00000087       0x40 ./time.o
 .debug_pubnames
                0x000000c7       0x35 ./trafo.o

.debug_str      0x00000000      0x18b
 .debug_str     0x00000000       0x74 ./lena512color.o
                                 0x81 (size before relaxing)
 .debug_str     0x00000074       0xae ./main.o
                                0x149 (size before relaxing)
 .debug_str     0x00000122       0x2c ./time.o
                                 0x80 (size before relaxing)
 .debug_str     0x0000014e       0x3d ./trafo.o
                                 0xb5 (size before relaxing)

.debug_loc      0x00000000      0x1da
 .debug_loc     0x00000000       0x40 ./main.o
 .debug_loc     0x00000040      0x19a ./trafo.o

.debug_pubtypes
                0x00000000       0x60
 .debug_pubtypes
                0x00000000       0x30 ./main.o
 .debug_pubtypes
                0x00000030       0x30 ./trafo.o

.debug_ranges   0x00000000       0x18
 .debug_ranges  0x00000000       0x18 ./main.o

.debug_frame    0x00000000      0x108
 .debug_frame   0x00000000       0x48 ./main.o
 .debug_frame   0x00000048       0x40 ./time.o
 .debug_frame   0x00000088       0x80 ./trafo.o
